// Jest Snapshot v1, https://goo.gl/fbAQLP

exports[`Tooltip should mount 1`] = `
<div
  className="container"
>
  <div
    className="anchor"
  >
    ?
  </div>
  <div
    className="popover"
  >
    <div
      className="tooltip-title"
    >
      Sample Tooltip
    </div>
    <div
      className="tooltip-info"
    >
      yoyoyo
    </div>
    <div
      className="tooltip-link"
    >
      <a
        className="link"
        href="someLink"
      >
        Learn More
      </a>
    </div>
  </div>
</div>
`;
